// Jest Snapshot v1, https://goo.gl/fbAQLP

exports[`HeaderLeft should return HTMLElement 1`] = `
Object {
  "children": Array [
    [Function],
    [Function],
    [Function],
  ],
  "class": Array [
    "header",
  ],
  "style": Object {
    "text-align": "center",
    "width": "298px",
  },
}
`;

exports[`HeaderRight should return HTMLElement 1`] = `
Object {
  "children": Array [
    [Function],
    [Function],
    [Function],
  ],
  "class": Array [
    "header",
  ],
  "style": Object {
    "text-align": "center",
    "width": "298px",
  },
}
`;

exports[`getTextType should match snapShot 1`] = `
Object {
  "date": Array [
    Array [
      "month",
      "year",
    ],
    [Function],
  ],
  "month": Array [
    Array [
      "year",
    ],
    [Function],
  ],
  "year": Array [
    Array [
      "year",
      "_date",
    ],
    [Function],
  ],
}
`;
