// Jest Snapshot v1, https://goo.gl/fbAQLP

exports[`endMonth should return HTMLElement 1`] = `
Object {
  "$style": Object {
    "display": Object {
      "cb": [Function],
      "key": Array [
        "page",
      ],
    },
  },
  "children": Array [
    Object {
      "children": Array [
        Object {
          "children": Array [
            Object {
              "children": Array [
                Object {
                  "text": "Jan",
                },
              ],
              "class": Object {
                "cb": [Function],
                "key": Object {
                  "child": Object {
                    "date": "",
                    "status": "",
                  },
                  "name": Array [
                    "status",
                  ],
                },
              },
              "event": Object {
                "arg": Object {
                  "date": "",
                  "status": "",
                },
                "listener": [Function],
              },
              "name": "td",
            },
            Object {
              "children": Array [
                Object {
                  "text": "Feb",
                },
              ],
              "class": Object {
                "cb": [Function],
                "key": Object {
                  "child": Object {
                    "date": "",
                    "status": "",
                  },
                  "name": Array [
                    "status",
                  ],
                },
              },
              "event": Object {
                "arg": Object {
                  "date": "",
                  "status": "",
                },
                "listener": [Function],
              },
              "name": "td",
            },
            Object {
              "children": Array [
                Object {
                  "text": "Mar",
                },
              ],
              "class": Object {
                "cb": [Function],
                "key": Object {
                  "child": Object {
                    "date": "",
                    "status": "",
                  },
                  "name": Array [
                    "status",
                  ],
                },
              },
              "event": Object {
                "arg": Object {
                  "date": "",
                  "status": "",
                },
                "listener": [Function],
              },
              "name": "td",
            },
            Object {
              "children": Array [
                Object {
                  "text": "Apr",
                },
              ],
              "class": Object {
                "cb": [Function],
                "key": Object {
                  "child": Object {
                    "date": "",
                    "status": "",
                  },
                  "name": Array [
                    "status",
                  ],
                },
              },
              "event": Object {
                "arg": Object {
                  "date": "",
                  "status": "",
                },
                "listener": [Function],
              },
              "name": "td",
            },
          ],
          "name": "tr",
        },
        Object {
          "children": Array [
            Object {
              "children": Array [
                Object {
                  "text": "May",
                },
              ],
              "class": Object {
                "cb": [Function],
                "key": Object {
                  "child": Object {
                    "date": "",
                    "status": "",
                  },
                  "name": Array [
                    "status",
                  ],
                },
              },
              "event": Object {
                "arg": Object {
                  "date": "",
                  "status": "",
                },
                "listener": [Function],
              },
              "name": "td",
            },
            Object {
              "children": Array [
                Object {
                  "text": "Jun",
                },
              ],
              "class": Object {
                "cb": [Function],
                "key": Object {
                  "child": Object {
                    "date": "",
                    "status": "",
                  },
                  "name": Array [
                    "status",
                  ],
                },
              },
              "event": Object {
                "arg": Object {
                  "date": "",
                  "status": "",
                },
                "listener": [Function],
              },
              "name": "td",
            },
            Object {
              "children": Array [
                Object {
                  "text": "Jul",
                },
              ],
              "class": Object {
                "cb": [Function],
                "key": Object {
                  "child": Object {
                    "date": "",
                    "status": "",
                  },
                  "name": Array [
                    "status",
                  ],
                },
              },
              "event": Object {
                "arg": Object {
                  "date": "",
                  "status": "",
                },
                "listener": [Function],
              },
              "name": "td",
            },
            Object {
              "children": Array [
                Object {
                  "text": "Aug",
                },
              ],
              "class": Object {
                "cb": [Function],
                "key": Object {
                  "child": Object {
                    "date": "",
                    "status": "",
                  },
                  "name": Array [
                    "status",
                  ],
                },
              },
              "event": Object {
                "arg": Object {
                  "date": "",
                  "status": "",
                },
                "listener": [Function],
              },
              "name": "td",
            },
          ],
          "name": "tr",
        },
        Object {
          "children": Array [
            Object {
              "children": Array [
                Object {
                  "text": "Sep",
                },
              ],
              "class": Object {
                "cb": [Function],
                "key": Object {
                  "child": Object {
                    "date": "",
                    "status": "",
                  },
                  "name": Array [
                    "status",
                  ],
                },
              },
              "event": Object {
                "arg": Object {
                  "date": "",
                  "status": "",
                },
                "listener": [Function],
              },
              "name": "td",
            },
            Object {
              "children": Array [
                Object {
                  "text": "Oct",
                },
              ],
              "class": Object {
                "cb": [Function],
                "key": Object {
                  "child": Object {
                    "date": "",
                    "status": "",
                  },
                  "name": Array [
                    "status",
                  ],
                },
              },
              "event": Object {
                "arg": Object {
                  "date": "",
                  "status": "",
                },
                "listener": [Function],
              },
              "name": "td",
            },
            Object {
              "children": Array [
                Object {
                  "text": "Nov",
                },
              ],
              "class": Object {
                "cb": [Function],
                "key": Object {
                  "child": Object {
                    "date": "",
                    "status": "",
                  },
                  "name": Array [
                    "status",
                  ],
                },
              },
              "event": Object {
                "arg": Object {
                  "date": "",
                  "status": "",
                },
                "listener": [Function],
              },
              "name": "td",
            },
            Object {
              "children": Array [
                Object {
                  "text": "Dec",
                },
              ],
              "class": Object {
                "cb": [Function],
                "key": Object {
                  "child": Object {
                    "date": "",
                    "status": "",
                  },
                  "name": Array [
                    "status",
                  ],
                },
              },
              "event": Object {
                "arg": Object {
                  "date": "",
                  "status": "",
                },
                "listener": [Function],
              },
              "name": "td",
            },
          ],
          "name": "tr",
        },
      ],
      "name": "tbody",
    },
  ],
  "class": Array [
    "month",
  ],
  "name": "table",
  "style": Object {
    "padding": "5px 20px",
    "text-align": "center",
    "width": "320px",
  },
}
`;
