// Jest Snapshot v1, https://goo.gl/fbAQLP

exports[`endDay should return HTMLElement 1`] = `
Object {
  "$style": Object {
    "display": Object {
      "cb": [Function],
      "key": Array [
        "page",
      ],
    },
  },
  "children": Array [
    [Function],
    [Function],
  ],
  "class": Array [
    "date",
  ],
  "name": "table",
  "style": Object {
    "padding": "5px 20px",
    "text-align": "center",
    "width": "320px",
  },
}
`;
