// Jest Snapshot v1, https://goo.gl/fbAQLP

exports[`default-options default-options 1`] = `[Function]`;

exports[`default-options default-options 2`] = `
Object {
  "date": [Function],
  "date-range": Array [
    Object {
      "handler": [Function],
      "name": "click",
    },
    Object {
      "handler": [Function],
      "name": "mouseenter",
    },
  ],
}
`;
